// Jest Snapshot v1, https://goo.gl/fbAQLP

exports[`MessageItemTimestamp should render 1`] = `
<span
  id="MessageItemTimestamp"
>
  <p
    className="MuiTypography-root MuiTypography-body1"
  >
    04:00
  </p>
</span>
`;
